#
# There is insufficient memory for the Java Runtime Environment to continue.
# Native memory allocation (malloc) failed to allocate 1507376 bytes. Error detail: Chunk::new
# Possible reasons:
#   The system is out of physical RAM or swap space
#   This process is running with CompressedOops enabled, and the Java Heap may be blocking the growth of the native heap
# Possible solutions:
#   Reduce memory load on the system
#   Increase physical memory or swap space
#   Check if swap backing store is full
#   Decrease Java heap size (-Xmx/-Xms)
#   Decrease number of Java threads
#   Decrease Java thread stack sizes (-Xss)
#   Set larger code cache with -XX:ReservedCodeCacheSize=
#   JVM is running with Unscaled Compressed Oops mode in which the Java heap is
#     placed in the first 4GB address space. The Java Heap base address is the
#     maximum limit for the native heap growth. Please use -XX:HeapBaseMinAddress
#     to set the Java Heap base and to place the Java Heap above 4GB virtual address.
# This output file may be truncated or incomplete.
#
#  Out of Memory Error (arena.cpp:168), pid=16092, tid=17588
#
# JRE version: OpenJDK Runtime Environment Temurin-21.0.10+7 (21.0.10+7) (build 21.0.10+7-LTS)
# Java VM: OpenJDK 64-Bit Server VM Temurin-21.0.10+7 (21.0.10+7-LTS, mixed mode, sharing, tiered, compressed oops, compressed class ptrs, parallel gc, windows-amd64)
# No core dump will be written. Minidumps are not enabled by default on client versions of Windows
#

---------------  S U M M A R Y ------------

Command Line: --add-modules=ALL-SYSTEM --add-opens=java.base/java.util=ALL-UNNAMED --add-opens=java.base/java.lang=ALL-UNNAMED --add-opens=java.base/sun.nio.fs=ALL-UNNAMED -Declipse.application=org.eclipse.jdt.ls.core.id1 -Dosgi.bundles.defaultStartLevel=4 -Declipse.product=org.eclipse.jdt.ls.core.product -Djava.import.generatesMetadataFilesAtProjectRoot=false -DDetectVMInstallationsJob.disabled=true -Dfile.encoding=utf8 -XX:+UseParallelGC -XX:GCTimeRatio=4 -XX:AdaptiveSizePolicyWeight=90 -Dsun.zip.disableMemoryMapping=true -Xmx2G -Xms100m -Xlog:disable -javaagent:c:\Users\aluno.den\.vscode\extensions\redhat.java-1.53.0-win32-x64\lombok\lombok-1.18.39-4050.jar -XX:+HeapDumpOnOutOfMemoryError -XX:HeapDumpPath=c:\Users\aluno.den\AppData\Roaming\Code\User\workspaceStorage\01be21a09b073cac06da0cbff5952789\redhat.java -Daether.dependencyCollector.impl=bf c:\Users\aluno.den\.vscode\extensions\redhat.java-1.53.0-win32-x64\server\plugins\org.eclipse.equinox.launcher_1.7.100.v20251111-0406.jar -configuration c:\Users\aluno.den\AppData\Roaming\Code\User\globalStorage\redhat.java\1.53.0\config_win -data c:\Users\aluno.den\AppData\Roaming\Code\User\workspaceStorage\01be21a09b073cac06da0cbff5952789\redhat.java\jdt_ws --pipe=\\.\pipe\lsp-2105c277d838dafee674e43e7ea8d029-sock

Host: Intel(R) Core(TM) i5-8400 CPU @ 2.80GHz, 6 cores, 7G,  Windows 11 , 64 bit Build 26100 (10.0.26100.7920)
Time: Tue Mar 24 19:44:28 2026 Hora oficial do Brasil elapsed time: 658.259517 seconds (0d 0h 10m 58s)

---------------  T H R E A D  ---------------

Current thread (0x000002dac987ac70):  JavaThread "C2 CompilerThread1" daemon [_thread_in_native, id=17588, stack(0x000000ed56700000,0x000000ed56800000) (1024K)]


Current CompileTask:
C2:658259 15562   !   4       java.io.ObjectOutputStream::writeObject0 (620 bytes)

Stack: [0x000000ed56700000,0x000000ed56800000]
Native frames: (J=compiled Java code, j=interpreted, Vv=VM code, C=native code)
V  [jvm.dll+0x6d7a39]
V  [jvm.dll+0x8b4b26]
V  [jvm.dll+0x8b70de]
V  [jvm.dll+0x8b77c3]
V  [jvm.dll+0x284346]
V  [jvm.dll+0xc66ed]
V  [jvm.dll+0xc6c31]
V  [jvm.dll+0x3bec01]
V  [jvm.dll+0x38b162]
V  [jvm.dll+0x38a5aa]
V  [jvm.dll+0x24c560]
V  [jvm.dll+0x24bb40]
V  [jvm.dll+0x1cb34e]
V  [jvm.dll+0x25b85d]
V  [jvm.dll+0x259dea]
V  [jvm.dll+0x3f857e]
V  [jvm.dll+0x85f59d]
V  [jvm.dll+0x6d626d]
C  [ucrtbase.dll+0x37b0]
C  [KERNEL32.DLL+0x2e8d7]
C  [ntdll.dll+0x8c48c]


---------------  P R O C E S S  ---------------

Threads class SMR info:
_java_thread_list=0x000002dac1bc5890, length=38, elements={
0x000002dae851bbf0, 0x000002dae85d9db0, 0x000002dae85de250, 0x000002dae8454df0,
0x000002dae8457470, 0x000002dae8457ed0, 0x000002dae8459df0, 0x000002dae845dcd0,
0x000002dae84a1260, 0x000002dac1333a00, 0x000002dac142af40, 0x000002dac1456cf0,
0x000002dac1b88f30, 0x000002dac1b93c60, 0x000002dac1b946a0, 0x000002dac657f7c0,
0x000002dac1b99840, 0x000002dac1a0bdd0, 0x000002dac1a08950, 0x000002dac1a08fe0,
0x000002dac1a09670, 0x000002dac1a0b740, 0x000002dac1807af0, 0x000002dac180a250,
0x000002dac1808810, 0x000002dac1809530, 0x000002dac1808180, 0x000002dac1809bc0,
0x000002dac1806dd0, 0x000002dac180b600, 0x000002dac180dd60, 0x000002dac180a8e0,
0x000002dac9270790, 0x000002dac9270e20, 0x000002dac92714b0, 0x000002dac787cd10,
0x000002dac787fb00, 0x000002dac987ac70
}

Java Threads: ( => current thread )
  0x000002dae851bbf0 JavaThread "main"                              [_thread_blocked, id=15868, stack(0x000000ed56800000,0x000000ed56900000) (1024K)]
  0x000002dae85d9db0 JavaThread "Reference Handler"          daemon [_thread_blocked, id=14284, stack(0x000000ed56c00000,0x000000ed56d00000) (1024K)]
  0x000002dae85de250 JavaThread "Finalizer"                  daemon [_thread_blocked, id=16588, stack(0x000000ed56d00000,0x000000ed56e00000) (1024K)]
  0x000002dae8454df0 JavaThread "Signal Dispatcher"          daemon [_thread_blocked, id=7672, stack(0x000000ed56e00000,0x000000ed56f00000) (1024K)]
  0x000002dae8457470 JavaThread "Attach Listener"            daemon [_thread_blocked, id=17160, stack(0x000000ed56f00000,0x000000ed57000000) (1024K)]
  0x000002dae8457ed0 JavaThread "Service Thread"             daemon [_thread_blocked, id=9060, stack(0x000000ed57000000,0x000000ed57100000) (1024K)]
  0x000002dae8459df0 JavaThread "Monitor Deflation Thread"   daemon [_thread_blocked, id=9208, stack(0x000000ed57100000,0x000000ed57200000) (1024K)]
  0x000002dae845dcd0 JavaThread "C2 CompilerThread0"         daemon [_thread_blocked, id=14916, stack(0x000000ed57200000,0x000000ed57300000) (1024K)]
  0x000002dae84a1260 JavaThread "C1 CompilerThread0"         daemon [_thread_blocked, id=15620, stack(0x000000ed57300000,0x000000ed57400000) (1024K)]
  0x000002dac1333a00 JavaThread "Common-Cleaner"             daemon [_thread_blocked, id=16712, stack(0x000000ed57400000,0x000000ed57500000) (1024K)]
  0x000002dac142af40 JavaThread "Notification Thread"        daemon [_thread_blocked, id=9632, stack(0x000000ed57500000,0x000000ed57600000) (1024K)]
  0x000002dac1456cf0 JavaThread "Active Thread: Equinox Container: 171e15e8-0c68-4c80-b562-0c6e3b871a9d"        [_thread_blocked, id=12092, stack(0x000000ed57600000,0x000000ed57700000) (1024K)]
  0x000002dac1b88f30 JavaThread "Refresh Thread: Equinox Container: 171e15e8-0c68-4c80-b562-0c6e3b871a9d" daemon [_thread_blocked, id=16864, stack(0x000000ed57c00000,0x000000ed57d00000) (1024K)]
  0x000002dac1b93c60 JavaThread "Framework Event Dispatcher: Equinox Container: 171e15e8-0c68-4c80-b562-0c6e3b871a9d" daemon [_thread_blocked, id=11744, stack(0x000000ed57d00000,0x000000ed57e00000) (1024K)]
  0x000002dac1b946a0 JavaThread "Start Level: Equinox Container: 171e15e8-0c68-4c80-b562-0c6e3b871a9d" daemon [_thread_blocked, id=14088, stack(0x000000ed57e00000,0x000000ed57f00000) (1024K)]
  0x000002dac657f7c0 JavaThread "Bundle File Closer"         daemon [_thread_blocked, id=17144, stack(0x000000ed57f00000,0x000000ed58000000) (1024K)]
  0x000002dac1b99840 JavaThread "SCR Component Actor"        daemon [_thread_blocked, id=17268, stack(0x000000ed58000000,0x000000ed58100000) (1024K)]
  0x000002dac1a0bdd0 JavaThread "Worker-JM"                         [_thread_blocked, id=8604, stack(0x000000ed58100000,0x000000ed58200000) (1024K)]
  0x000002dac1a08950 JavaThread "Worker-0"                          [_thread_blocked, id=2720, stack(0x000000ed58200000,0x000000ed58300000) (1024K)]
  0x000002dac1a08fe0 JavaThread "Worker-1"                          [_thread_blocked, id=7032, stack(0x000000ed58300000,0x000000ed58400000) (1024K)]
  0x000002dac1a09670 JavaThread "Java indexing"              daemon [_thread_blocked, id=1468, stack(0x000000ed58500000,0x000000ed58600000) (1024K)]
  0x000002dac1a0b740 JavaThread "JNA Cleaner"                daemon [_thread_blocked, id=7296, stack(0x000000ed58800000,0x000000ed58900000) (1024K)]
  0x000002dac1807af0 JavaThread "Thread-1"                   daemon [_thread_in_native, id=3884, stack(0x000000ed58d00000,0x000000ed58e00000) (1024K)]
  0x000002dac180a250 JavaThread "Thread-2"                   daemon [_thread_in_native, id=15104, stack(0x000000ed58e00000,0x000000ed58f00000) (1024K)]
  0x000002dac1808810 JavaThread "Thread-3"                   daemon [_thread_in_native, id=6236, stack(0x000000ed58f00000,0x000000ed59000000) (1024K)]
  0x000002dac1809530 JavaThread "Thread-4"                   daemon [_thread_in_native, id=17256, stack(0x000000ed59000000,0x000000ed59100000) (1024K)]
  0x000002dac1808180 JavaThread "Thread-5"                   daemon [_thread_in_native, id=16804, stack(0x000000ed59100000,0x000000ed59200000) (1024K)]
  0x000002dac1809bc0 JavaThread "Thread-6"                   daemon [_thread_in_native, id=3520, stack(0x000000ed59200000,0x000000ed59300000) (1024K)]
  0x000002dac1806dd0 JavaThread "Thread-7"                   daemon [_thread_in_native, id=9996, stack(0x000000ed59300000,0x000000ed59400000) (1024K)]
  0x000002dac180b600 JavaThread "pool-2-thread-1"                   [_thread_blocked, id=12640, stack(0x000000ed59400000,0x000000ed59500000) (1024K)]
  0x000002dac180dd60 JavaThread "WorkspaceEventsHandler"            [_thread_blocked, id=2068, stack(0x000000ed59600000,0x000000ed59700000) (1024K)]
  0x000002dac180a8e0 JavaThread "pool-1-thread-1"                   [_thread_blocked, id=11708, stack(0x000000ed59700000,0x000000ed59800000) (1024K)]
  0x000002dac9270790 JavaThread "ForkJoinPool.commonPool-worker-1" daemon [_thread_blocked, id=13048, stack(0x000000ed5a400000,0x000000ed5a500000) (1024K)]
  0x000002dac9270e20 JavaThread "ForkJoinPool.commonPool-worker-3" daemon [_thread_blocked, id=17136, stack(0x000000ed5a600000,0x000000ed5a700000) (1024K)]
  0x000002dac92714b0 JavaThread "ForkJoinPool.commonPool-worker-5" daemon [_thread_blocked, id=15516, stack(0x000000ed5a800000,0x000000ed5a900000) (1024K)]
  0x000002dac787cd10 JavaThread "Cleaner-0"                  daemon [_thread_blocked, id=2368, stack(0x000000ed5a900000,0x000000ed5aa00000) (1024K)]
  0x000002dac787fb00 JavaThread "HttpClient-1-SelectorManager" daemon [_thread_in_native, id=17124, stack(0x000000ed5aa00000,0x000000ed5ab00000) (1024K)]
=>0x000002dac987ac70 JavaThread "C2 CompilerThread1"         daemon [_thread_in_native, id=17588, stack(0x000000ed56700000,0x000000ed56800000) (1024K)]
Total: 38

Other Threads:
  0x000002dae85bfb30 VMThread "VM Thread"                           [id=9256, stack(0x000000ed56b00000,0x000000ed56c00000) (1024K)]
  0x000002dae83aca00 WatcherThread "VM Periodic Task Thread"        [id=8276, stack(0x000000ed56a00000,0x000000ed56b00000) (1024K)]
  0x000002dae853afb0 WorkerThread "GC Thread#0"                     [id=13168, stack(0x000000ed56900000,0x000000ed56a00000) (1024K)]
  0x000002dac161c3b0 WorkerThread "GC Thread#1"                     [id=2364, stack(0x000000ed57700000,0x000000ed57800000) (1024K)]
  0x000002dac161c760 WorkerThread "GC Thread#2"                     [id=5792, stack(0x000000ed57800000,0x000000ed57900000) (1024K)]
  0x000002dac161cb10 WorkerThread "GC Thread#3"                     [id=11200, stack(0x000000ed57900000,0x000000ed57a00000) (1024K)]
  0x000002dac145b510 WorkerThread "GC Thread#4"                     [id=15604, stack(0x000000ed57a00000,0x000000ed57b00000) (1024K)]
  0x000002dac145b8c0 WorkerThread "GC Thread#5"                     [id=6460, stack(0x000000ed57b00000,0x000000ed57c00000) (1024K)]
Total: 8

Threads with active compile tasks:
C2 CompilerThread1  658404 15562   !   4       java.io.ObjectOutputStream::writeObject0 (620 bytes)
Total: 1

VM state: not at safepoint (normal execution)

VM Mutex/Monitor currently owned by a thread: None

Heap address: 0x0000000080000000, size: 2048 MB, Compressed Oops mode: 32-bit

CDS archive(s) mapped at: [0x000002da80000000-0x000002da80ba0000-0x000002da80ba0000), size 12189696, SharedBaseAddress: 0x000002da80000000, ArchiveRelocationMode: 1.
Compressed class space mapped at: 0x000002da81000000-0x000002dac1000000, reserved size: 1073741824
Narrow klass base: 0x000002da80000000, Narrow klass shift: 0, Narrow klass range: 0x100000000

GC Precious Log:
 CardTable entry size: 512
 CPUs: 6 total, 6 available
 Memory: 8062M
 Large Page Support: Disabled
 NUMA Support: Disabled
 Compressed Oops: Enabled (32-bit)
 Alignments: Space 512K, Generation 512K, Heap 2M
 Heap Min Capacity: 100M
 Heap Initial Capacity: 100M
 Heap Max Capacity: 2G
 Pre-touch: Disabled
 Parallel Workers: 6

Heap:
 PSYoungGen      total 4096K, used 1094K [0x00000000d5580000, 0x00000000d5c00000, 0x0000000100000000)
  eden space 3584K, 25% used [0x00000000d5580000,0x00000000d5661be0,0x00000000d5900000)
  from space 512K, 37% used [0x00000000d5b80000,0x00000000d5bb0000,0x00000000d5c00000)
  to   space 512K, 0% used [0x00000000d5b00000,0x00000000d5b00000,0x00000000d5b80000)
 ParOldGen       total 771584K, used 771443K [0x0000000080000000, 0x00000000af180000, 0x00000000d5580000)
  object space 771584K, 99% used [0x0000000080000000,0x00000000af15cf68,0x00000000af180000)
 Metaspace       used 81885K, committed 83648K, reserved 1179648K
  class space    used 8753K, committed 9536K, reserved 1048576K

Card table byte_map: [0x000002dae7ec0000,0x000002dae82d0000] _byte_map_base: 0x000002dae7ac0000

Marking Bits: (ParMarkBitMap*) 0x00007ff8f7dc3450
 Begin Bits: [0x000002dafa9d0000, 0x000002dafc9d0000)
 End Bits:   [0x000002dafc9d0000, 0x000002dafe9d0000)

Polling page: 0x000002dae65a0000

Metaspace:

Usage:
  Non-class:     71.42 MB used.
      Class:      8.55 MB used.
       Both:     79.97 MB used.

Virtual space:
  Non-class space:      128.00 MB reserved,      72.38 MB ( 57%) committed,  2 nodes.
      Class space:        1.00 GB reserved,       9.31 MB ( <1%) committed,  1 nodes.
             Both:        1.12 GB reserved,      81.69 MB (  7%) committed. 

Chunk freelists:
   Non-Class:  7.39 MB
       Class:  6.53 MB
        Both:  13.92 MB

MaxMetaspaceSize: unlimited
CompressedClassSpaceSize: 1.00 GB
Initial GC threshold: 21.00 MB
Current GC threshold: 97.31 MB
CDS: on
 - commit_granule_bytes: 65536.
 - commit_granule_words: 8192.
 - virtual_space_node_default_size: 8388608.
 - enlarge_chunks_in_place: 1.
 - use_allocation_guard: 0.


Internal statistics:

num_allocs_failed_limit: 9.
num_arena_births: 1398.
num_arena_deaths: 30.
num_vsnodes_births: 3.
num_vsnodes_deaths: 0.
num_space_committed: 1307.
num_space_uncommitted: 0.
num_chunks_returned_to_freelist: 47.
num_chunks_taken_from_freelist: 5060.
num_chunk_merges: 21.
num_chunk_splits: 3135.
num_chunks_enlarged: 1844.
num_inconsistent_stats: 0.

CodeHeap 'non-profiled nmethods': size=120000Kb used=12697Kb max_used=12697Kb free=107302Kb
 bounds [0x000002daf31f0000, 0x000002daf3e60000, 0x000002dafa720000]
CodeHeap 'profiled nmethods': size=120000Kb used=35214Kb max_used=35214Kb free=84785Kb
 bounds [0x000002daeb720000, 0x000002daed990000, 0x000002daf2c50000]
CodeHeap 'non-nmethods': size=5760Kb used=1506Kb max_used=1598Kb free=4253Kb
 bounds [0x000002daf2c50000, 0x000002daf2ec0000, 0x000002daf31f0000]
CodeCache: size=245760Kb, used=49417Kb, max_used=49509Kb, free=196340Kb
 total_blobs=15648, nmethods=14816, adapters=737, full_count=0
Compilation: enabled, stopped_count=0, restarted_count=0

Compilation events (20 events):
Event: 650.103 Thread 0x000002dae84a1260 nmethod 15567 0x000002daed980590 code [0x000002daed980760, 0x000002daed980aa0]
Event: 650.103 Thread 0x000002dae84a1260 15566       3       jdk.internal.util.ByteArray::setFloat (13 bytes)
Event: 650.103 Thread 0x000002dae84a1260 nmethod 15566 0x000002daed980c10 code [0x000002daed980e20, 0x000002daed9814f8]
Event: 650.103 Thread 0x000002dae84a1260 15569       3       java.util.HashMap::writeObject (28 bytes)
Event: 650.103 Thread 0x000002dae84a1260 nmethod 15569 0x000002daed981810 code [0x000002daed981a20, 0x000002daed982008]
Event: 650.103 Thread 0x000002dae84a1260 15570       3       java.lang.Float::floatToIntBits (15 bytes)
Event: 650.103 Thread 0x000002dae84a1260 nmethod 15570 0x000002daed982290 code [0x000002daed982440, 0x000002daed982670]
Event: 650.109 Thread 0x000002dac987ac70 nmethod 15560 0x000002daf3e53490 code [0x000002daf3e53660, 0x000002daf3e53d28]
Event: 650.110 Thread 0x000002dac987ac70 15562   !   4       java.io.ObjectOutputStream::writeObject0 (620 bytes)
Event: 650.110 Thread 0x000002dae845dcd0 nmethod 15559 0x000002daf3e54190 code [0x000002daf3e54340, 0x000002daf3e54a50]
Event: 650.110 Thread 0x000002dae845dcd0 15561       4       java.io.ObjectOutputStream$HandleTable::insert (39 bytes)
Event: 650.112 Thread 0x000002dae845dcd0 nmethod 15561 0x000002daf3e54e90 code [0x000002daf3e55040, 0x000002daf3e552a8]
Event: 650.112 Thread 0x000002dae845dcd0 15568       4       java.io.ObjectOutputStream$BlockDataOutputStream::writeInt (46 bytes)
Event: 650.113 Thread 0x000002dae845dcd0 nmethod 15568 0x000002daf3e55490 code [0x000002daf3e55620, 0x000002daf3e55758]
Event: 650.113 Thread 0x000002dae845dcd0 15571       4       java.lang.invoke.Invokers$Holder::invokeExact_MT (24 bytes)
Event: 650.114 Thread 0x000002dae845dcd0 nmethod 15571 0x000002daf3e55910 code [0x000002daf3e55ac0, 0x000002daf3e55cb8]
Event: 650.114 Thread 0x000002dae845dcd0 15558       4       java.lang.ClassValue::get (31 bytes)
Event: 650.116 Thread 0x000002dae845dcd0 nmethod 15558 0x000002daf3e55e90 code [0x000002daf3e56040, 0x000002daf3e56228]
Event: 650.171 Thread 0x000002dae84a1260 15572       3       org.eclipse.core.internal.dtree.AbstractDataTreeNode::assembleWith (124 bytes)
Event: 650.171 Thread 0x000002dae84a1260 nmethod 15572 0x000002daed982710 code [0x000002daed9829a0, 0x000002daed983640]

GC Heap History (20 events):
Event: 400.963 GC heap before
{Heap before GC invocations=1068 (full 3):
 PSYoungGen      total 4096K, used 4078K [0x00000000d5580000, 0x00000000d6000000, 0x0000000100000000)
  eden space 3584K, 100% used [0x00000000d5580000,0x00000000d5900000,0x00000000d5900000)
  from space 512K, 96% used [0x00000000d5c00000,0x00000000d5c7b8a0,0x00000000d5c80000)
  to   space 3072K, 0% used [0x00000000d5900000,0x00000000d5900000,0x00000000d5c00000)
 ParOldGen       total 768000K, used 767817K [0x0000000080000000, 0x00000000aee00000, 0x00000000d5580000)
  object space 768000K, 99% used [0x0000000080000000,0x00000000aedd27a0,0x00000000aee00000)
 Metaspace       used 78741K, committed 80448K, reserved 1179648K
  class space    used 8333K, committed 9088K, reserved 1048576K
}
Event: 400.966 GC heap after
{Heap after GC invocations=1068 (full 3):
 PSYoungGen      total 6656K, used 3001K [0x00000000d5580000, 0x00000000d6000000, 0x0000000100000000)
  eden space 3584K, 0% used [0x00000000d5580000,0x00000000d5580000,0x00000000d5900000)
  from space 3072K, 97% used [0x00000000d5900000,0x00000000d5bee4a8,0x00000000d5c00000)
  to   space 3584K, 0% used [0x00000000d5c80000,0x00000000d5c80000,0x00000000d6000000)
 ParOldGen       total 768512K, used 768333K [0x0000000080000000, 0x00000000aee80000, 0x00000000d5580000)
  object space 768512K, 99% used [0x0000000080000000,0x00000000aee536e8,0x00000000aee80000)
 Metaspace       used 78741K, committed 80448K, reserved 1179648K
  class space    used 8333K, committed 9088K, reserved 1048576K
}
Event: 400.994 GC heap before
{Heap before GC invocations=1069 (full 3):
 PSYoungGen      total 6656K, used 6515K [0x00000000d5580000, 0x00000000d6000000, 0x0000000100000000)
  eden space 3584K, 98% used [0x00000000d5580000,0x00000000d58eea58,0x00000000d5900000)
  from space 3072K, 97% used [0x00000000d5900000,0x00000000d5bee4a8,0x00000000d5c00000)
  to   space 3584K, 0% used [0x00000000d5c80000,0x00000000d5c80000,0x00000000d6000000)
 ParOldGen       total 768512K, used 768333K [0x0000000080000000, 0x00000000aee80000, 0x00000000d5580000)
  object space 768512K, 99% used [0x0000000080000000,0x00000000aee536e8,0x00000000aee80000)
 Metaspace       used 78777K, committed 80448K, reserved 1179648K
  class space    used 8338K, committed 9088K, reserved 1048576K
}
Event: 400.997 GC heap after
{Heap after GC invocations=1069 (full 3):
 PSYoungGen      total 4608K, used 928K [0x00000000d5580000, 0x00000000d5d80000, 0x0000000100000000)
  eden space 3584K, 0% used [0x00000000d5580000,0x00000000d5580000,0x00000000d5900000)
  from space 1024K, 90% used [0x00000000d5c80000,0x00000000d5d68000,0x00000000d5d80000)
  to   space 2048K, 0% used [0x00000000d5980000,0x00000000d5980000,0x00000000d5b80000)
 ParOldGen       total 768512K, used 768501K [0x0000000080000000, 0x00000000aee80000, 0x00000000d5580000)
  object space 768512K, 99% used [0x0000000080000000,0x00000000aee7d6e8,0x00000000aee80000)
 Metaspace       used 78777K, committed 80448K, reserved 1179648K
  class space    used 8338K, committed 9088K, reserved 1048576K
}
Event: 401.039 GC heap before
{Heap before GC invocations=1070 (full 3):
 PSYoungGen      total 4608K, used 4512K [0x00000000d5580000, 0x00000000d5d80000, 0x0000000100000000)
  eden space 3584K, 100% used [0x00000000d5580000,0x00000000d5900000,0x00000000d5900000)
  from space 1024K, 90% used [0x00000000d5c80000,0x00000000d5d68000,0x00000000d5d80000)
  to   space 2048K, 0% used [0x00000000d5980000,0x00000000d5980000,0x00000000d5b80000)
 ParOldGen       total 768512K, used 768501K [0x0000000080000000, 0x00000000aee80000, 0x00000000d5580000)
  object space 768512K, 99% used [0x0000000080000000,0x00000000aee7d6e8,0x00000000aee80000)
 Metaspace       used 79412K, committed 81088K, reserved 1179648K
  class space    used 8418K, committed 9152K, reserved 1048576K
}
Event: 401.041 GC heap after
{Heap after GC invocations=1070 (full 3):
 PSYoungGen      total 5632K, used 192K [0x00000000d5580000, 0x00000000d5d00000, 0x0000000100000000)
  eden space 3584K, 0% used [0x00000000d5580000,0x00000000d5580000,0x00000000d5900000)
  from space 2048K, 9% used [0x00000000d5980000,0x00000000d59b0000,0x00000000d5b80000)
  to   space 1024K, 0% used [0x00000000d5c00000,0x00000000d5c00000,0x00000000d5d00000)
 ParOldGen       total 769536K, used 769333K [0x0000000080000000, 0x00000000aef80000, 0x00000000d5580000)
  object space 769536K, 99% used [0x0000000080000000,0x00000000aef4d6e8,0x00000000aef80000)
 Metaspace       used 79412K, committed 81088K, reserved 1179648K
  class space    used 8418K, committed 9152K, reserved 1048576K
}
Event: 401.496 GC heap before
{Heap before GC invocations=1071 (full 3):
 PSYoungGen      total 5632K, used 3776K [0x00000000d5580000, 0x00000000d5d00000, 0x0000000100000000)
  eden space 3584K, 100% used [0x00000000d5580000,0x00000000d5900000,0x00000000d5900000)
  from space 2048K, 9% used [0x00000000d5980000,0x00000000d59b0000,0x00000000d5b80000)
  to   space 1024K, 0% used [0x00000000d5c00000,0x00000000d5c00000,0x00000000d5d00000)
 ParOldGen       total 769536K, used 769333K [0x0000000080000000, 0x00000000aef80000, 0x00000000d5580000)
  object space 769536K, 99% used [0x0000000080000000,0x00000000aef4d6e8,0x00000000aef80000)
 Metaspace       used 80042K, committed 81664K, reserved 1179648K
  class space    used 8501K, committed 9216K, reserved 1048576K
}
Event: 401.498 GC heap after
{Heap after GC invocations=1071 (full 3):
 PSYoungGen      total 4096K, used 224K [0x00000000d5580000, 0x00000000d5c80000, 0x0000000100000000)
  eden space 3584K, 0% used [0x00000000d5580000,0x00000000d5580000,0x00000000d5900000)
  from space 512K, 43% used [0x00000000d5c00000,0x00000000d5c38000,0x00000000d5c80000)
  to   space 512K, 0% used [0x00000000d5b80000,0x00000000d5b80000,0x00000000d5c00000)
 ParOldGen       total 769536K, used 769437K [0x0000000080000000, 0x00000000aef80000, 0x00000000d5580000)
  object space 769536K, 99% used [0x0000000080000000,0x00000000aef676e8,0x00000000aef80000)
 Metaspace       used 80042K, committed 81664K, reserved 1179648K
  class space    used 8501K, committed 9216K, reserved 1048576K
}
Event: 402.021 GC heap before
{Heap before GC invocations=1072 (full 3):
 PSYoungGen      total 4096K, used 3806K [0x00000000d5580000, 0x00000000d5c80000, 0x0000000100000000)
  eden space 3584K, 99% used [0x00000000d5580000,0x00000000d58ff850,0x00000000d5900000)
  from space 512K, 43% used [0x00000000d5c00000,0x00000000d5c38000,0x00000000d5c80000)
  to   space 512K, 0% used [0x00000000d5b80000,0x00000000d5b80000,0x00000000d5c00000)
 ParOldGen       total 769536K, used 769437K [0x0000000080000000, 0x00000000aef80000, 0x00000000d5580000)
  object space 769536K, 99% used [0x0000000080000000,0x00000000aef676e8,0x00000000aef80000)
 Metaspace       used 80551K, committed 82240K, reserved 1179648K
  class space    used 8580K, committed 9344K, reserved 1048576K
}
Event: 402.023 GC heap after
{Heap after GC invocations=1072 (full 3):
 PSYoungGen      total 4096K, used 256K [0x00000000d5580000, 0x00000000d5c80000, 0x0000000100000000)
  eden space 3584K, 0% used [0x00000000d5580000,0x00000000d5580000,0x00000000d5900000)
  from space 512K, 50% used [0x00000000d5b80000,0x00000000d5bc0000,0x00000000d5c00000)
  to   space 512K, 0% used [0x00000000d5c00000,0x00000000d5c00000,0x00000000d5c80000)
 ParOldGen       total 770048K, used 769565K [0x0000000080000000, 0x00000000af000000, 0x00000000d5580000)
  object space 770048K, 99% used [0x0000000080000000,0x00000000aef876e8,0x00000000af000000)
 Metaspace       used 80551K, committed 82240K, reserved 1179648K
  class space    used 8580K, committed 9344K, reserved 1048576K
}
Event: 402.247 GC heap before
{Heap before GC invocations=1073 (full 3):
 PSYoungGen      total 4096K, used 3840K [0x00000000d5580000, 0x00000000d5c80000, 0x0000000100000000)
  eden space 3584K, 100% used [0x00000000d5580000,0x00000000d5900000,0x00000000d5900000)
  from space 512K, 50% used [0x00000000d5b80000,0x00000000d5bc0000,0x00000000d5c00000)
  to   space 512K, 0% used [0x00000000d5c00000,0x00000000d5c00000,0x00000000d5c80000)
 ParOldGen       total 770048K, used 769565K [0x0000000080000000, 0x00000000af000000, 0x00000000d5580000)
  object space 770048K, 99% used [0x0000000080000000,0x00000000aef876e8,0x00000000af000000)
 Metaspace       used 80986K, committed 82624K, reserved 1179648K
  class space    used 8638K, committed 9408K, reserved 1048576K
}
Event: 402.249 GC heap after
{Heap after GC invocations=1073 (full 3):
 PSYoungGen      total 4096K, used 384K [0x00000000d5580000, 0x00000000d5c80000, 0x0000000100000000)
  eden space 3584K, 0% used [0x00000000d5580000,0x00000000d5580000,0x00000000d5900000)
  from space 512K, 75% used [0x00000000d5c00000,0x00000000d5c60178,0x00000000d5c80000)
  to   space 512K, 0% used [0x00000000d5b80000,0x00000000d5b80000,0x00000000d5c00000)
 ParOldGen       total 770048K, used 769758K [0x0000000080000000, 0x00000000af000000, 0x00000000d5580000)
  object space 770048K, 99% used [0x0000000080000000,0x00000000aefb7860,0x00000000af000000)
 Metaspace       used 80986K, committed 82624K, reserved 1179648K
  class space    used 8638K, committed 9408K, reserved 1048576K
}
Event: 402.310 GC heap before
{Heap before GC invocations=1074 (full 3):
 PSYoungGen      total 4096K, used 3968K [0x00000000d5580000, 0x00000000d5c80000, 0x0000000100000000)
  eden space 3584K, 100% used [0x00000000d5580000,0x00000000d5900000,0x00000000d5900000)
  from space 512K, 75% used [0x00000000d5c00000,0x00000000d5c60178,0x00000000d5c80000)
  to   space 512K, 0% used [0x00000000d5b80000,0x00000000d5b80000,0x00000000d5c00000)
 ParOldGen       total 770048K, used 769758K [0x0000000080000000, 0x00000000af000000, 0x00000000d5580000)
  object space 770048K, 99% used [0x0000000080000000,0x00000000aefb7860,0x00000000af000000)
 Metaspace       used 81689K, committed 83456K, reserved 1179648K
  class space    used 8720K, committed 9536K, reserved 1048576K
}
Event: 402.312 GC heap after
{Heap after GC invocations=1074 (full 3):
 PSYoungGen      total 4096K, used 288K [0x00000000d5580000, 0x00000000d5c80000, 0x0000000100000000)
  eden space 3584K, 0% used [0x00000000d5580000,0x00000000d5580000,0x00000000d5900000)
  from space 512K, 56% used [0x00000000d5b80000,0x00000000d5bc8000,0x00000000d5c00000)
  to   space 512K, 0% used [0x00000000d5c00000,0x00000000d5c00000,0x00000000d5c80000)
 ParOldGen       total 770048K, used 769999K [0x0000000080000000, 0x00000000af000000, 0x00000000d5580000)
  object space 770048K, 99% used [0x0000000080000000,0x00000000aeff3e38,0x00000000af000000)
 Metaspace       used 81689K, committed 83456K, reserved 1179648K
  class space    used 8720K, committed 9536K, reserved 1048576K
}
Event: 402.332 GC heap before
{Heap before GC invocations=1075 (full 3):
 PSYoungGen      total 4096K, used 3872K [0x00000000d5580000, 0x00000000d5c80000, 0x0000000100000000)
  eden space 3584K, 100% used [0x00000000d5580000,0x00000000d5900000,0x00000000d5900000)
  from space 512K, 56% used [0x00000000d5b80000,0x00000000d5bc8000,0x00000000d5c00000)
  to   space 512K, 0% used [0x00000000d5c00000,0x00000000d5c00000,0x00000000d5c80000)
 ParOldGen       total 770048K, used 769999K [0x0000000080000000, 0x00000000af000000, 0x00000000d5580000)
  object space 770048K, 99% used [0x0000000080000000,0x00000000aeff3e38,0x00000000af000000)
 Metaspace       used 81844K, committed 83584K, reserved 1179648K
  class space    used 8749K, committed 9536K, reserved 1048576K
}
Event: 402.334 GC heap after
{Heap after GC invocations=1075 (full 3):
 PSYoungGen      total 4096K, used 506K [0x00000000d5580000, 0x00000000d5c80000, 0x0000000100000000)
  eden space 3584K, 0% used [0x00000000d5580000,0x00000000d5580000,0x00000000d5900000)
  from space 512K, 98% used [0x00000000d5c00000,0x00000000d5c7ea50,0x00000000d5c80000)
  to   space 1536K, 0% used [0x00000000d5980000,0x00000000d5980000,0x00000000d5b00000)
 ParOldGen       total 770560K, used 770474K [0x0000000080000000, 0x00000000af080000, 0x00000000d5580000)
  object space 770560K, 99% used [0x0000000080000000,0x00000000af06aa10,0x00000000af080000)
 Metaspace       used 81844K, committed 83584K, reserved 1179648K
  class space    used 8749K, committed 9536K, reserved 1048576K
}
Event: 402.345 GC heap before
{Heap before GC invocations=1076 (full 3):
 PSYoungGen      total 4096K, used 4090K [0x00000000d5580000, 0x00000000d5c80000, 0x0000000100000000)
  eden space 3584K, 100% used [0x00000000d5580000,0x00000000d5900000,0x00000000d5900000)
  from space 512K, 98% used [0x00000000d5c00000,0x00000000d5c7ea50,0x00000000d5c80000)
  to   space 1536K, 0% used [0x00000000d5980000,0x00000000d5980000,0x00000000d5b00000)
 ParOldGen       total 770560K, used 770474K [0x0000000080000000, 0x00000000af080000, 0x00000000d5580000)
  object space 770560K, 99% used [0x0000000080000000,0x00000000af06aa10,0x00000000af080000)
 Metaspace       used 81857K, committed 83584K, reserved 1179648K
  class space    used 8749K, committed 9536K, reserved 1048576K
}
Event: 402.347 GC heap after
{Heap after GC invocations=1076 (full 3):
 PSYoungGen      total 5120K, used 864K [0x00000000d5580000, 0x00000000d5c80000, 0x0000000100000000)
  eden space 3584K, 0% used [0x00000000d5580000,0x00000000d5580000,0x00000000d5900000)
  from space 1536K, 56% used [0x00000000d5980000,0x00000000d5a58000,0x00000000d5b00000)
  to   space 1024K, 0% used [0x00000000d5b80000,0x00000000d5b80000,0x00000000d5c80000)
 ParOldGen       total 771072K, used 770659K [0x0000000080000000, 0x00000000af100000, 0x00000000d5580000)
  object space 771072K, 99% used [0x0000000080000000,0x00000000af098f68,0x00000000af100000)
 Metaspace       used 81857K, committed 83584K, reserved 1179648K
  class space    used 8749K, committed 9536K, reserved 1048576K
}
Event: 591.243 GC heap before
{Heap before GC invocations=1077 (full 3):
 PSYoungGen      total 5120K, used 4448K [0x00000000d5580000, 0x00000000d5c80000, 0x0000000100000000)
  eden space 3584K, 100% used [0x00000000d5580000,0x00000000d5900000,0x00000000d5900000)
  from space 1536K, 56% used [0x00000000d5980000,0x00000000d5a58000,0x00000000d5b00000)
  to   space 1024K, 0% used [0x00000000d5b80000,0x00000000d5b80000,0x00000000d5c80000)
 ParOldGen       total 771072K, used 770659K [0x0000000080000000, 0x00000000af100000, 0x00000000d5580000)
  object space 771072K, 99% used [0x0000000080000000,0x00000000af098f68,0x00000000af100000)
 Metaspace       used 81868K, committed 83648K, reserved 1179648K
  class space    used 8750K, committed 9536K, reserved 1048576K
}
Event: 591.246 GC heap after
{Heap after GC invocations=1077 (full 3):
 PSYoungGen      total 4096K, used 192K [0x00000000d5580000, 0x00000000d5c00000, 0x0000000100000000)
  eden space 3584K, 0% used [0x00000000d5580000,0x00000000d5580000,0x00000000d5900000)
  from space 512K, 37% used [0x00000000d5b80000,0x00000000d5bb0000,0x00000000d5c00000)
  to   space 512K, 0% used [0x00000000d5b00000,0x00000000d5b00000,0x00000000d5b80000)
 ParOldGen       total 771584K, used 771443K [0x0000000080000000, 0x00000000af180000, 0x00000000d5580000)
  object space 771584K, 99% used [0x0000000080000000,0x00000000af15cf68,0x00000000af180000)
 Metaspace       used 81868K, committed 83648K, reserved 1179648K
  class space    used 8750K, committed 9536K, reserved 1048576K
}

Dll operation events (14 events):
Event: 0.012 Loaded shared library c:\Users\aluno.den\.vscode\extensions\redhat.java-1.53.0-win32-x64\jre\21.0.10-win32-x86_64\bin\java.dll
Event: 0.100 Loaded shared library c:\Users\aluno.den\.vscode\extensions\redhat.java-1.53.0-win32-x64\jre\21.0.10-win32-x86_64\bin\zip.dll
Event: 0.122 Loaded shared library C:\Users\aluno.den\.vscode\extensions\redhat.java-1.53.0-win32-x64\jre\21.0.10-win32-x86_64\bin\instrument.dll
Event: 0.127 Loaded shared library C:\Users\aluno.den\.vscode\extensions\redhat.java-1.53.0-win32-x64\jre\21.0.10-win32-x86_64\bin\net.dll
Event: 0.130 Loaded shared library C:\Users\aluno.den\.vscode\extensions\redhat.java-1.53.0-win32-x64\jre\21.0.10-win32-x86_64\bin\nio.dll
Event: 0.143 Loaded shared library C:\Users\aluno.den\.vscode\extensions\redhat.java-1.53.0-win32-x64\jre\21.0.10-win32-x86_64\bin\zip.dll
Event: 0.209 Loaded shared library C:\Users\aluno.den\.vscode\extensions\redhat.java-1.53.0-win32-x64\jre\21.0.10-win32-x86_64\bin\jimage.dll
Event: 0.335 Loaded shared library c:\Users\aluno.den\.vscode\extensions\redhat.java-1.53.0-win32-x64\jre\21.0.10-win32-x86_64\bin\verify.dll
Event: 3.736 Loaded shared library C:\Users\aluno.den\AppData\Roaming\Code\User\globalStorage\redhat.java\1.53.0\config_win\org.eclipse.equinox.launcher\org.eclipse.equinox.launcher.win32.win32.x86_64_1.3.0.v20260203-2149\eclipse_11919.dll
Event: 7.443 Loaded shared library C:\Users\aluno.den\.vscode\extensions\redhat.java-1.53.0-win32-x64\jre\21.0.10-win32-x86_64\bin\management.dll
Event: 7.447 Loaded shared library C:\Users\aluno.den\.vscode\extensions\redhat.java-1.53.0-win32-x64\jre\21.0.10-win32-x86_64\bin\management_ext.dll
Event: 10.251 Loaded shared library C:\Users\aluno.den\AppData\Local\Temp\jna--267533174\jna16849347322512778671.dll
Event: 11.258 Loaded shared library C:\Users\aluno.den\.vscode\extensions\redhat.java-1.53.0-win32-x64\jre\21.0.10-win32-x86_64\bin\sunmscapi.dll
Event: 11.455 Loaded shared library C:\Users\aluno.den\.vscode\extensions\redhat.java-1.53.0-win32-x64\jre\21.0.10-win32-x86_64\bin\extnet.dll

Deoptimization events (20 events):
Event: 402.218 Thread 0x000002dac92721d0 DEOPT PACKING pc=0x000002daebeda233 sp=0x000000ed5a5f87a0
Event: 402.218 Thread 0x000002dac92721d0 DEOPT UNPACKING pc=0x000002daf2ca4242 sp=0x000000ed5a5f7cd0 mode 0
Event: 402.270 Thread 0x000002dac92721d0 Uncommon trap: trap_request=0xffffff45 fr.pc=0x000002daf370d974 relative=0x0000000000000154
Event: 402.270 Thread 0x000002dac92721d0 Uncommon trap: reason=unstable_if action=reinterpret pc=0x000002daf370d974 method=java.lang.String.valueOf(C)Ljava/lang/String; @ 10 c2
Event: 402.270 Thread 0x000002dac92721d0 DEOPT PACKING pc=0x000002daf370d974 sp=0x000000ed5a5fbeb0
Event: 402.270 Thread 0x000002dac92721d0 DEOPT UNPACKING pc=0x000002daf2ca3aa2 sp=0x000000ed5a5fbe48 mode 2
Event: 402.332 Thread 0x000002dac9270e20 Uncommon trap: trap_request=0xffffff45 fr.pc=0x000002daf3df5a14 relative=0x0000000000000434
Event: 402.332 Thread 0x000002dac9270e20 Uncommon trap: reason=unstable_if action=reinterpret pc=0x000002daf3df5a14 method=org.eclipse.jdt.internal.core.index.Index.isMatch([C[CI)Z @ 226 c2
Event: 402.332 Thread 0x000002dac9270e20 DEOPT PACKING pc=0x000002daf3df5a14 sp=0x000000ed5a6fec10
Event: 402.332 Thread 0x000002dac9270e20 DEOPT UNPACKING pc=0x000002daf2ca3aa2 sp=0x000000ed5a6feb88 mode 2
Event: 432.221 Thread 0x000002dac787fb00 Uncommon trap: trap_request=0xffffffc6 fr.pc=0x000002daf39dd0a8 relative=0x00000000000006e8
Event: 432.221 Thread 0x000002dac787fb00 Uncommon trap: reason=bimorphic_or_optimized_type_check action=maybe_recompile pc=0x000002daf39dd0a8 method=java.nio.channels.spi.AbstractInterruptibleChannel.close()V @ 23 c2
Event: 432.221 Thread 0x000002dac787fb00 DEOPT PACKING pc=0x000002daf39dd0a8 sp=0x000000ed5aafec40
Event: 432.221 Thread 0x000002dac787fb00 DEOPT UNPACKING pc=0x000002daf2ca3aa2 sp=0x000000ed5aafec20 mode 2
Event: 432.221 Thread 0x000002dac787fb00 Uncommon trap: trap_request=0xffffff45 fr.pc=0x000002daf390880c relative=0x000000000000006c
Event: 432.221 Thread 0x000002dac787fb00 Uncommon trap: reason=unstable_if action=reinterpret pc=0x000002daf390880c method=java.nio.channels.spi.AbstractInterruptibleChannel.isOpen()Z @ 4 c2
Event: 432.221 Thread 0x000002dac787fb00 DEOPT PACKING pc=0x000002daf390880c sp=0x000000ed5aafed30
Event: 432.221 Thread 0x000002dac787fb00 DEOPT UNPACKING pc=0x000002daf2ca3aa2 sp=0x000000ed5aafecc0 mode 2
Event: 456.850 Thread 0x000002dac92721d0 DEOPT PACKING pc=0x000002daed7acaf2 sp=0x000000ed5a5fdac0
Event: 456.850 Thread 0x000002dac92721d0 DEOPT UNPACKING pc=0x000002daf2ca4242 sp=0x000000ed5a5fd038 mode 0

Classes loaded (20 events):
Event: 402.010 Loading class sun/security/ssl/CipherSuite$1
Event: 402.010 Loading class sun/security/ssl/CipherSuite$1 done
Event: 402.030 Loading class java/util/stream/ReferencePipeline$4
Event: 402.030 Loading class java/util/stream/ReferencePipeline$4 done
Event: 402.030 Loading class java/util/stream/ReduceOps$6
Event: 402.030 Loading class java/util/stream/ReduceOps$6 done
Event: 402.030 Loading class java/util/stream/ReduceOps$5ReducingSink
Event: 402.030 Loading class java/util/stream/ReduceOps$5ReducingSink done
Event: 402.030 Loading class java/util/stream/ReferencePipeline$4$1
Event: 402.030 Loading class java/util/stream/ReferencePipeline$4$1 done
Event: 402.206 Loading class java/util/stream/FindOps$FindSink$OfLong
Event: 402.206 Loading class java/util/stream/FindOps$FindSink$OfLong done
Event: 402.206 Loading class java/util/OptionalLong
Event: 402.206 Loading class java/util/OptionalLong done
Event: 402.209 Loading class sun/net/www/HeaderParser
Event: 402.209 Loading class sun/net/www/HeaderParser done
Event: 402.271 Loading class java/util/function/IntPredicate
Event: 402.271 Loading class java/util/function/IntPredicate done
Event: 402.289 Loading class java/util/regex/Pattern$Bound
Event: 402.289 Loading class java/util/regex/Pattern$Bound done

Classes unloaded (15 events):
Event: 8.633 Thread 0x000002dae85bfb30 Unloading class 0x000002da811aac00 'java/lang/invoke/LambdaForm$MH+0x000002da811aac00'
Event: 8.633 Thread 0x000002dae85bfb30 Unloading class 0x000002da811aa800 'java/lang/invoke/LambdaForm$MH+0x000002da811aa800'
Event: 8.633 Thread 0x000002dae85bfb30 Unloading class 0x000002da811aa400 'java/lang/invoke/LambdaForm$MH+0x000002da811aa400'
Event: 8.633 Thread 0x000002dae85bfb30 Unloading class 0x000002da811aa000 'java/lang/invoke/LambdaForm$MH+0x000002da811aa000'
Event: 8.633 Thread 0x000002dae85bfb30 Unloading class 0x000002da811a9c00 'java/lang/invoke/LambdaForm$BMH+0x000002da811a9c00'
Event: 8.633 Thread 0x000002dae85bfb30 Unloading class 0x000002da811a9800 'java/lang/invoke/LambdaForm$DMH+0x000002da811a9800'
Event: 8.633 Thread 0x000002dae85bfb30 Unloading class 0x000002da811a8400 'java/lang/invoke/LambdaForm$DMH+0x000002da811a8400'
Event: 280.114 Thread 0x000002dae85bfb30 Unloading class 0x000002da81656400 'java/lang/invoke/LambdaForm$DMH+0x000002da81656400'
Event: 280.114 Thread 0x000002dae85bfb30 Unloading class 0x000002da81656000 'java/lang/invoke/LambdaForm$DMH+0x000002da81656000'
Event: 280.114 Thread 0x000002dae85bfb30 Unloading class 0x000002da81655c00 'java/lang/invoke/LambdaForm$DMH+0x000002da81655c00'
Event: 280.114 Thread 0x000002dae85bfb30 Unloading class 0x000002da81655800 'java/lang/invoke/LambdaForm$DMH+0x000002da81655800'
Event: 280.114 Thread 0x000002dae85bfb30 Unloading class 0x000002da81655000 'java/lang/invoke/LambdaForm$DMH+0x000002da81655000'
Event: 280.114 Thread 0x000002dae85bfb30 Unloading class 0x000002da81654c00 'java/lang/invoke/LambdaForm$DMH+0x000002da81654c00'
Event: 280.114 Thread 0x000002dae85bfb30 Unloading class 0x000002da81654800 'java/lang/invoke/LambdaForm$DMH+0x000002da81654800'
Event: 280.114 Thread 0x000002dae85bfb30 Unloading class 0x000002da81654400 'java/lang/invoke/LambdaForm$DMH+0x000002da81654400'

Classes redefined (0 events):
No events

Internal exceptions (20 events):
Event: 363.354 Thread 0x000002dac92721d0 Implicit null exception at 0x000002daf3d235ef to 0x000002daf3d24600
Event: 396.366 Thread 0x000002dac180a8e0 Exception <a 'java/lang/IncompatibleClassChangeError'{0x00000000d5963fc0}: Found class java.lang.Object, but interface was expected> (0x00000000d5963fc0) 
thrown [s\src\hotspot\share\interpreter\linkResolver.cpp, line 840]
Event: 396.376 Thread 0x000002dac180a8e0 Exception <a 'java/lang/IncompatibleClassChangeError'{0x00000000d59bf860}: Found class java.lang.Object, but interface was expected> (0x00000000d59bf860) 
thrown [s\src\hotspot\share\interpreter\linkResolver.cpp, line 840]
Event: 396.380 Thread 0x000002dac180a8e0 Exception <a 'java/lang/IncompatibleClassChangeError'{0x00000000d59eacd0}: Found class java.lang.Object, but interface was expected> (0x00000000d59eacd0) 
thrown [s\src\hotspot\share\interpreter\linkResolver.cpp, line 840]
Event: 396.466 Thread 0x000002dac9270790 Exception <a 'java/lang/NoSuchMethodError'{0x00000000d5cfb260}: 'int java.lang.invoke.Invokers$Holder.invokeExact_MT(java.lang.Object, java.lang.Object)'> (0x00000000d5cfb260) 
thrown [s\src\hotspot\share\interpreter\linkResolver.cpp, line 773]
Event: 396.819 Thread 0x000002dac92721d0 Exception <a 'java/lang/NoSuchMethodError'{0x00000000d59e1500}: 'java.lang.Object java.lang.invoke.DirectMethodHandle$Holder.invokeSpecial(java.lang.Object, java.lang.Object, java.lang.Object, java.lang.Object, int, java.lang.Object, java.lang.Object)'> (0x00000000d59e1500) 
thrown [s\src\hotspot\share\interpreter\linkResolver.cpp, line 773]
Event: 396.860 Thread 0x000002dac180a8e0 Exception <a 'java/lang/IncompatibleClassChangeError'{0x00000000d5bb3220}: Found class java.lang.Object, but interface was expected> (0x00000000d5bb3220) 
thrown [s\src\hotspot\share\interpreter\linkResolver.cpp, line 840]
Event: 397.169 Thread 0x000002dac180a8e0 Exception <a 'java/lang/IncompatibleClassChangeError'{0x00000000d576b4d8}: Found class java.lang.Object, but interface was expected> (0x00000000d576b4d8) 
thrown [s\src\hotspot\share\interpreter\linkResolver.cpp, line 840]
Event: 397.243 Thread 0x000002dac9270790 Exception <a 'java/lang/NoSuchMethodError'{0x00000000d5a467f0}: 'java.lang.Object java.lang.invoke.DirectMethodHandle$Holder.invokeStatic(java.lang.Object, int, int, java.lang.Object)'> (0x00000000d5a467f0) 
thrown [s\src\hotspot\share\interpreter\linkResolver.cpp, line 773]
Event: 397.247 Thread 0x000002dac9272860 Implicit null exception at 0x000002daf3d1d3fa to 0x000002daf3d1d4c4
Event: 397.247 Thread 0x000002dac9272860 Implicit null exception at 0x000002daf3d0ffe6 to 0x000002daf3d13798
Event: 397.421 Thread 0x000002dac1a08fe0 Implicit null exception at 0x000002daf38f274f to 0x000002daf38f28bc
Event: 397.422 Thread 0x000002dac92721d0 Exception <a 'java/lang/NoSuchMethodError'{0x00000000d573b6c8}: 'java.lang.Object java.lang.invoke.DirectMethodHandle$Holder.newInvokeSpecial(java.lang.Object, int, java.lang.Object, java.lang.Object, java.lang.Object)'> (0x00000000d573b6c8) 
thrown [s\src\hotspot\share\interpreter\linkResolver.cpp, line 773]
Event: 400.614 Thread 0x000002dac180a8e0 Exception <a 'java/lang/IncompatibleClassChangeError'{0x00000000d56408f0}: Found class java.lang.Object, but interface was expected> (0x00000000d56408f0) 
thrown [s\src\hotspot\share\interpreter\linkResolver.cpp, line 840]
Event: 401.011 Thread 0x000002dac92721d0 Exception <a 'java/lang/NoSuchMethodError'{0x00000000d56cb1e0}: 'java.lang.Object java.lang.invoke.DirectMethodHandle$Holder.invokeStaticInit(java.lang.Object, java.lang.Object, int)'> (0x00000000d56cb1e0) 
thrown [s\src\hotspot\share\interpreter\linkResolver.cpp, line 773]
Event: 401.038 Thread 0x000002dac92721d0 Exception <a 'java/lang/NoSuchMethodError'{0x00000000d58ec780}: 'void java.lang.invoke.DirectMethodHandle$Holder.invokeStatic(java.lang.Object, java.lang.Object, java.lang.Object, java.lang.Object, java.lang.Object, java.lang.Object, java.lang.Object)'> (0x00000000d58ec780) 
thrown [s\src\hotspot\share\interpreter\linkResolver.cpp, line 773]
Event: 401.496 Thread 0x000002dac787fb00 Exception <a 'java/lang/NoSuchMethodError'{0x00000000d58f65b0}: 'void java.lang.invoke.DirectMethodHandle$Holder.invokeStatic(java.lang.Object, java.lang.Object, int)'> (0x00000000d58f65b0) 
thrown [s\src\hotspot\share\interpreter\linkResolver.cpp, line 773]
Event: 402.272 Thread 0x000002dac92721d0 Exception <a 'java/lang/NoSuchMethodError'{0x00000000d56f46a8}: 'int java.lang.invoke.DirectMethodHandle$Holder.invokeStaticInit(java.lang.Object, int)'> (0x00000000d56f46a8) 
thrown [s\src\hotspot\share\interpreter\linkResolver.cpp, line 773]
Event: 650.092 Thread 0x000002dac1a08fe0 Exception <a 'sun/nio/fs/WindowsException'{0x00000000d5602290}> (0x00000000d5602290) 
thrown [s\src\hotspot\share\prims\jni.cpp, line 520]
Event: 650.092 Thread 0x000002dac1a08fe0 Exception <a 'sun/nio/fs/WindowsException'{0x00000000d5602da8}> (0x00000000d5602da8) 
thrown [s\src\hotspot\share\prims\jni.cpp, line 520]

ZGC Phase Switch (0 events):
No events

VM Operations (20 events):
Event: 403.357 Executing safepoint VM operation: Cleanup
Event: 403.357 Executing safepoint VM operation: Cleanup done
Event: 407.381 Executing safepoint VM operation: Cleanup
Event: 407.381 Executing safepoint VM operation: Cleanup done
Event: 411.412 Executing safepoint VM operation: Cleanup
Event: 411.412 Executing safepoint VM operation: Cleanup done
Event: 421.008 Executing non-safepoint VM operation: HandshakeAllThreads (HandshakeForDeflation)
Event: 421.009 Executing non-safepoint VM operation: HandshakeAllThreads (HandshakeForDeflation) done
Event: 421.009 Executing non-safepoint VM operation: RendezvousGCThreads
Event: 421.009 Executing non-safepoint VM operation: RendezvousGCThreads done
Event: 457.284 Executing safepoint VM operation: Cleanup
Event: 457.284 Executing safepoint VM operation: Cleanup done
Event: 481.216 Executing non-safepoint VM operation: HandshakeAllThreads (HandshakeForDeflation)
Event: 481.216 Executing non-safepoint VM operation: HandshakeAllThreads (HandshakeForDeflation) done
Event: 481.216 Executing non-safepoint VM operation: RendezvousGCThreads
Event: 481.216 Executing non-safepoint VM operation: RendezvousGCThreads done
Event: 591.243 Executing safepoint VM operation: ParallelGCFailedAllocation (Allocation Failure)
Event: 591.246 Executing safepoint VM operation: ParallelGCFailedAllocation (Allocation Failure) done
Event: 650.788 Executing safepoint VM operation: Cleanup
Event: 650.788 Executing safepoint VM operation: Cleanup done

Memory protections (0 events):
No events

Nmethod flushes (20 events):
Event: 280.129 Thread 0x000002dae85bfb30 flushing  nmethod 0x000002daebfb5190
Event: 280.129 Thread 0x000002dae85bfb30 flushing  nmethod 0x000002daebfbaf10
Event: 280.129 Thread 0x000002dae85bfb30 flushing  nmethod 0x000002daebfbc510
Event: 280.129 Thread 0x000002dae85bfb30 flushing  nmethod 0x000002daebfbd510
Event: 280.129 Thread 0x000002dae85bfb30 flushing  nmethod 0x000002daebfbd990
Event: 280.129 Thread 0x000002dae85bfb30 flushing  nmethod 0x000002daebfbe310
Event: 280.129 Thread 0x000002dae85bfb30 flushing  nmethod 0x000002daebfc5210
Event: 280.129 Thread 0x000002dae85bfb30 flushing  nmethod 0x000002daebfc6690
Event: 280.129 Thread 0x000002dae85bfb30 flushing  nmethod 0x000002daebfc6a90
Event: 280.129 Thread 0x000002dae85bfb30 flushing  nmethod 0x000002daebfc7510
Event: 280.129 Thread 0x000002dae85bfb30 flushing  nmethod 0x000002daebfc8290
Event: 280.129 Thread 0x000002dae85bfb30 flushing  nmethod 0x000002daebfc9810
Event: 280.129 Thread 0x000002dae85bfb30 flushing  nmethod 0x000002daebfc9c90
Event: 280.129 Thread 0x000002dae85bfb30 flushing  nmethod 0x000002daebfd0190
Event: 280.129 Thread 0x000002dae85bfb30 flushing  nmethod 0x000002daebfd1010
Event: 280.129 Thread 0x000002dae85bfb30 flushing  nmethod 0x000002daebfe7c10
Event: 280.129 Thread 0x000002dae85bfb30 flushing  nmethod 0x000002daec027c10
Event: 280.129 Thread 0x000002dae85bfb30 flushing  nmethod 0x000002daec029690
Event: 280.129 Thread 0x000002dae85bfb30 flushing  nmethod 0x000002daec036290
Event: 280.129 Thread 0x000002dae85bfb30 flushing  nmethod 0x000002daec050c90

Events (20 events):
Event: 457.410 Thread 0x000002dac9273c10 Thread exited: 0x000002dac9273c10
Event: 457.410 Thread 0x000002dac180e3f0 Thread exited: 0x000002dac180e3f0
Event: 461.509 Thread 0x000002dac7880190 Thread exited: 0x000002dac7880190
Event: 462.215 Thread 0x000002dac787c680 Thread exited: 0x000002dac787c680
Event: 471.229 Thread 0x000002dac926e6c0 Thread exited: 0x000002dac926e6c0
Event: 519.469 Thread 0x000002dac92721d0 Thread exited: 0x000002dac92721d0
Event: 531.231 Thread 0x000002dac926ed50 Thread exited: 0x000002dac926ed50
Event: 579.479 Thread 0x000002dac9272860 Thread exited: 0x000002dac9272860
Event: 591.246 Thread 0x000002dac926c5f0 Thread exited: 0x000002dac926c5f0
Event: 648.638 Thread 0x000002dac1a09d00 Thread exited: 0x000002dac1a09d00
Event: 649.762 Thread 0x000002dac926fa70 Thread exited: 0x000002dac926fa70
Event: 649.762 Thread 0x000002dac926d9a0 Thread exited: 0x000002dac926d9a0
Event: 649.839 Thread 0x000002dac926f3e0 Thread exited: 0x000002dac926f3e0
Event: 650.080 Thread 0x000002dac1a08fe0 Thread added: 0x000002dac787e750
Event: 650.080 Thread 0x000002dac787e750 Thread exited: 0x000002dac787e750
Event: 650.096 Thread 0x000002dac1a08fe0 Thread added: 0x000002dac787c680
Event: 650.096 Thread 0x000002dac787c680 Thread exited: 0x000002dac787c680
Event: 650.102 Thread 0x000002dae845dcd0 Thread added: 0x000002dac987ac70
Event: 651.146 Thread 0x000002dac9270100 Thread exited: 0x000002dac9270100
Event: 651.208 Thread 0x000002dac926cc80 Thread exited: 0x000002dac926cc80


Dynamic libraries:
0x00007ff6dbe80000 - 0x00007ff6dbe8e000 	c:\Users\aluno.den\.vscode\extensions\redhat.java-1.53.0-win32-x64\jre\21.0.10-win32-x86_64\bin\java.exe
0x00007ff9a7da0000 - 0x00007ff9a8007000 	C:\WINDOWS\SYSTEM32\ntdll.dll
0x00007ff9a6390000 - 0x00007ff9a6459000 	C:\WINDOWS\System32\KERNEL32.DLL
0x00007ff9a4760000 - 0x00007ff9a4b51000 	C:\WINDOWS\System32\KERNELBASE.dll
0x00007ff9a4b60000 - 0x00007ff9a4cab000 	C:\WINDOWS\System32\ucrtbase.dll
0x00007ff98dd40000 - 0x00007ff98dd58000 	c:\Users\aluno.den\.vscode\extensions\redhat.java-1.53.0-win32-x64\jre\21.0.10-win32-x86_64\bin\jli.dll
0x00007ff99e980000 - 0x00007ff99e99e000 	c:\Users\aluno.den\.vscode\extensions\redhat.java-1.53.0-win32-x64\jre\21.0.10-win32-x86_64\bin\VCRUNTIME140.dll
0x00007ff9a7770000 - 0x00007ff9a7935000 	C:\WINDOWS\System32\USER32.dll
0x00007ff9931d0000 - 0x00007ff993463000 	C:\WINDOWS\WinSxS\amd64_microsoft.windows.common-controls_6595b64144ccf1df_6.0.26100.8037_none_3e092faae333b53b\COMCTL32.dll
0x00007ff9a75a0000 - 0x00007ff9a7649000 	C:\WINDOWS\System32\msvcrt.dll
0x00007ff9a5fb0000 - 0x00007ff9a5fdb000 	C:\WINDOWS\System32\GDI32.dll
0x00007ff9a4680000 - 0x00007ff9a46a7000 	C:\WINDOWS\System32\win32u.dll
0x00007ff9a5760000 - 0x00007ff9a588b000 	C:\WINDOWS\System32\gdi32full.dll
0x00007ff9a5a90000 - 0x00007ff9a5b33000 	C:\WINDOWS\System32\msvcp_win.dll
0x00007ff9a7560000 - 0x00007ff9a7591000 	C:\WINDOWS\System32\IMM32.DLL
0x00007ff998440000 - 0x00007ff99844c000 	c:\Users\aluno.den\.vscode\extensions\redhat.java-1.53.0-win32-x64\jre\21.0.10-win32-x86_64\bin\vcruntime140_1.dll
0x00007ff9862d0000 - 0x00007ff98635d000 	c:\Users\aluno.den\.vscode\extensions\redhat.java-1.53.0-win32-x64\jre\21.0.10-win32-x86_64\bin\msvcp140.dll
0x00007ff8f7100000 - 0x00007ff8f7ea1000 	c:\Users\aluno.den\.vscode\extensions\redhat.java-1.53.0-win32-x64\jre\21.0.10-win32-x86_64\bin\server\jvm.dll
0x00007ff9a7950000 - 0x00007ff9a7a0b000 	C:\WINDOWS\System32\ADVAPI32.dll
0x00007ff9a7480000 - 0x00007ff9a7527000 	C:\WINDOWS\System32\sechost.dll
0x00007ff9a7650000 - 0x00007ff9a7768000 	C:\WINDOWS\System32\RPCRT4.dll
0x00007ff9a5d80000 - 0x00007ff9a5df4000 	C:\WINDOWS\System32\WS2_32.dll
0x00007ff9a4500000 - 0x00007ff9a455e000 	C:\WINDOWS\SYSTEM32\POWRPROF.dll
0x00007ff9934a0000 - 0x00007ff9934d5000 	C:\WINDOWS\SYSTEM32\WINMM.dll
0x00007ff998280000 - 0x00007ff99828b000 	C:\WINDOWS\SYSTEM32\VERSION.dll
0x00007ff9a44c0000 - 0x00007ff9a44d4000 	C:\WINDOWS\SYSTEM32\UMPDC.dll
0x00007ff9a33d0000 - 0x00007ff9a33eb000 	C:\WINDOWS\SYSTEM32\kernel.appcore.dll
0x00007ff98dda0000 - 0x00007ff98ddaa000 	c:\Users\aluno.den\.vscode\extensions\redhat.java-1.53.0-win32-x64\jre\21.0.10-win32-x86_64\bin\jimage.dll
0x00007ff995be0000 - 0x00007ff995e22000 	C:\WINDOWS\SYSTEM32\DBGHELP.DLL
0x00007ff9a6980000 - 0x00007ff9a6d02000 	C:\WINDOWS\System32\combase.dll
0x00007ff9a5ca0000 - 0x00007ff9a5d77000 	C:\WINDOWS\System32\OLEAUT32.dll
0x00007ff9920b0000 - 0x00007ff9920eb000 	C:\WINDOWS\SYSTEM32\dbgcore.DLL
0x00007ff9a46b0000 - 0x00007ff9a4755000 	C:\WINDOWS\System32\bcryptPrimitives.dll
0x00007ff98dd30000 - 0x00007ff98dd3f000 	c:\Users\aluno.den\.vscode\extensions\redhat.java-1.53.0-win32-x64\jre\21.0.10-win32-x86_64\bin\instrument.dll
0x00007ff988030000 - 0x00007ff988050000 	c:\Users\aluno.den\.vscode\extensions\redhat.java-1.53.0-win32-x64\jre\21.0.10-win32-x86_64\bin\java.dll
0x00007ff9a6d10000 - 0x00007ff9a746f000 	C:\WINDOWS\System32\SHELL32.dll
0x00007ff9a5890000 - 0x00007ff9a59fa000 	C:\WINDOWS\System32\wintypes.dll
0x00007ff9a4d70000 - 0x00007ff9a55d4000 	C:\WINDOWS\System32\windows.storage.dll
0x00007ff9a7bf0000 - 0x00007ff9a7ce7000 	C:\WINDOWS\System32\SHCORE.dll
0x00007ff9a7cf0000 - 0x00007ff9a7d57000 	C:\WINDOWS\System32\shlwapi.dll
0x00007ff9a45a0000 - 0x00007ff9a45c9000 	C:\WINDOWS\SYSTEM32\profapi.dll
0x00007ff988010000 - 0x00007ff988028000 	c:\Users\aluno.den\.vscode\extensions\redhat.java-1.53.0-win32-x64\jre\21.0.10-win32-x86_64\bin\zip.dll
0x00007ff98dd20000 - 0x00007ff98dd30000 	C:\Users\aluno.den\.vscode\extensions\redhat.java-1.53.0-win32-x64\jre\21.0.10-win32-x86_64\bin\net.dll
0x00007ff99e710000 - 0x00007ff99e837000 	C:\WINDOWS\SYSTEM32\WINHTTP.dll
0x00007ff9a3920000 - 0x00007ff9a398b000 	C:\WINDOWS\system32\mswsock.dll
0x00007ff986cd0000 - 0x00007ff986ce6000 	C:\Users\aluno.den\.vscode\extensions\redhat.java-1.53.0-win32-x64\jre\21.0.10-win32-x86_64\bin\nio.dll
0x00007ff98b4a0000 - 0x00007ff98b4b0000 	c:\Users\aluno.den\.vscode\extensions\redhat.java-1.53.0-win32-x64\jre\21.0.10-win32-x86_64\bin\verify.dll
0x00007ff985dc0000 - 0x00007ff985e05000 	C:\Users\aluno.den\AppData\Roaming\Code\User\globalStorage\redhat.java\1.53.0\config_win\org.eclipse.equinox.launcher\org.eclipse.equinox.launcher.win32.win32.x86_64_1.3.0.v20260203-2149\eclipse_11919.dll
0x00007ff9a5fe0000 - 0x00007ff9a6175000 	C:\WINDOWS\System32\ole32.dll
0x00007ff988430000 - 0x00007ff98843a000 	C:\Users\aluno.den\.vscode\extensions\redhat.java-1.53.0-win32-x64\jre\21.0.10-win32-x86_64\bin\management.dll
0x00007ff988000000 - 0x00007ff98800c000 	C:\Users\aluno.den\.vscode\extensions\redhat.java-1.53.0-win32-x64\jre\21.0.10-win32-x86_64\bin\management_ext.dll
0x00007ff9a7550000 - 0x00007ff9a7558000 	C:\WINDOWS\System32\PSAPI.DLL
0x00007ff9a3d20000 - 0x00007ff9a3d3b000 	C:\WINDOWS\SYSTEM32\CRYPTSP.dll
0x00007ff9a3330000 - 0x00007ff9a3369000 	C:\WINDOWS\system32\rsaenh.dll
0x00007ff9a39d0000 - 0x00007ff9a3a02000 	C:\WINDOWS\SYSTEM32\USERENV.dll
0x00007ff9a4570000 - 0x00007ff9a459a000 	C:\WINDOWS\SYSTEM32\bcrypt.dll
0x00007ff9a3d00000 - 0x00007ff9a3d0c000 	C:\WINDOWS\SYSTEM32\CRYPTBASE.dll
0x00007ff9a2b00000 - 0x00007ff9a2b33000 	C:\WINDOWS\SYSTEM32\IPHLPAPI.DLL
0x00007ff9a68f0000 - 0x00007ff9a68fa000 	C:\WINDOWS\System32\NSI.dll
0x00007ff982400000 - 0x00007ff982449000 	C:\Users\aluno.den\AppData\Local\Temp\jna--267533174\jna16849347322512778671.dll
0x00007ff99e940000 - 0x00007ff99e95d000 	C:\WINDOWS\SYSTEM32\dhcpcsvc6.DLL
0x00007ff99e8b0000 - 0x00007ff99e8d3000 	C:\WINDOWS\SYSTEM32\dhcpcsvc.DLL
0x00007ff987f90000 - 0x00007ff987f9e000 	C:\Users\aluno.den\.vscode\extensions\redhat.java-1.53.0-win32-x64\jre\21.0.10-win32-x86_64\bin\sunmscapi.dll
0x00007ff9a55e0000 - 0x00007ff9a5757000 	C:\WINDOWS\System32\CRYPT32.dll
0x00007ff9a3e80000 - 0x00007ff9a3eb0000 	C:\WINDOWS\SYSTEM32\ncrypt.dll
0x00007ff9a3e30000 - 0x00007ff9a3e6f000 	C:\WINDOWS\SYSTEM32\NTASN1.dll
0x00007ff9a2b80000 - 0x00007ff9a2caa000 	C:\WINDOWS\SYSTEM32\DNSAPI.dll
0x00007ff99cbf0000 - 0x00007ff99cbfb000 	C:\Windows\System32\rasadhlp.dll
0x00007ff99efe0000 - 0x00007ff99f066000 	C:\WINDOWS\System32\fwpuclnt.dll
0x00007ff987f00000 - 0x00007ff987f09000 	C:\Users\aluno.den\.vscode\extensions\redhat.java-1.53.0-win32-x64\jre\21.0.10-win32-x86_64\bin\extnet.dll
0x00007ff97e580000 - 0x00007ff97e588000 	C:\WINDOWS\system32\wshunix.dll

JVMTI agents:
c:\Users\aluno.den\.vscode\extensions\redhat.java-1.53.0-win32-x64\lombok\lombok-1.18.39-4050.jar path:c:\Users\aluno.den\.vscode\extensions\redhat.java-1.53.0-win32-x64\jre\21.0.10-win32-x86_64\bin\instrument.dll, loaded, initialized, instrumentlib options:none

dbghelp: loaded successfully - version: 4.0.5 - missing functions: none
symbol engine: initialized successfully - sym options: 0x614 - pdb path: .;c:\Users\aluno.den\.vscode\extensions\redhat.java-1.53.0-win32-x64\jre\21.0.10-win32-x86_64\bin;C:\WINDOWS\SYSTEM32;C:\WINDOWS\WinSxS\amd64_microsoft.windows.common-controls_6595b64144ccf1df_6.0.26100.8037_none_3e092faae333b53b;c:\Users\aluno.den\.vscode\extensions\redhat.java-1.53.0-win32-x64\jre\21.0.10-win32-x86_64\bin\server;C:\Users\aluno.den\AppData\Roaming\Code\User\globalStorage\redhat.java\1.53.0\config_win\org.eclipse.equinox.launcher\org.eclipse.equinox.launcher.win32.win32.x86_64_1.3.0.v20260203-2149;C:\Users\aluno.den\AppData\Local\Temp\jna--267533174

VM Arguments:
jvm_args: --add-modules=ALL-SYSTEM --add-opens=java.base/java.util=ALL-UNNAMED --add-opens=java.base/java.lang=ALL-UNNAMED --add-opens=java.base/sun.nio.fs=ALL-UNNAMED -Declipse.application=org.eclipse.jdt.ls.core.id1 -Dosgi.bundles.defaultStartLevel=4 -Declipse.product=org.eclipse.jdt.ls.core.product -Djava.import.generatesMetadataFilesAtProjectRoot=false -DDetectVMInstallationsJob.disabled=true -Dfile.encoding=utf8 -XX:+UseParallelGC -XX:GCTimeRatio=4 -XX:AdaptiveSizePolicyWeight=90 -Dsun.zip.disableMemoryMapping=true -Xmx2G -Xms100m -Xlog:disable -javaagent:c:\Users\aluno.den\.vscode\extensions\redhat.java-1.53.0-win32-x64\lombok\lombok-1.18.39-4050.jar -XX:+HeapDumpOnOutOfMemoryError -XX:HeapDumpPath=c:\Users\aluno.den\AppData\Roaming\Code\User\workspaceStorage\01be21a09b073cac06da0cbff5952789\redhat.java -Daether.dependencyCollector.impl=bf 
java_command: c:\Users\aluno.den\.vscode\extensions\redhat.java-1.53.0-win32-x64\server\plugins\org.eclipse.equinox.launcher_1.7.100.v20251111-0406.jar -configuration c:\Users\aluno.den\AppData\Roaming\Code\User\globalStorage\redhat.java\1.53.0\config_win -data c:\Users\aluno.den\AppData\Roaming\Code\User\workspaceStorage\01be21a09b073cac06da0cbff5952789\redhat.java\jdt_ws --pipe=\\.\pipe\lsp-2105c277d838dafee674e43e7ea8d029-sock
java_class_path (initial): c:\Users\aluno.den\.vscode\extensions\redhat.java-1.53.0-win32-x64\server\plugins\org.eclipse.equinox.launcher_1.7.100.v20251111-0406.jar
Launcher Type: SUN_STANDARD

[Global flags]
    uintx AdaptiveSizePolicyWeight                 = 90                                        {product} {command line}
     intx CICompilerCount                          = 3                                         {product} {ergonomic}
    uintx GCTimeRatio                              = 4                                         {product} {command line}
     bool HeapDumpOnOutOfMemoryError               = true                                   {manageable} {command line}
    ccstr HeapDumpPath                             = c:\Users\aluno.den\AppData\Roaming\Code\User\workspaceStorage\01be21a09b073cac06da0cbff5952789\redhat.java         {manageable} {command line}
   size_t InitialHeapSize                          = 104857600                                 {product} {command line}
   size_t MaxHeapSize                              = 2147483648                                {product} {command line}
   size_t MaxNewSize                               = 715653120                                 {product} {ergonomic}
   size_t MinHeapDeltaBytes                        = 524288                                    {product} {ergonomic}
   size_t MinHeapSize                              = 104857600                                 {product} {command line}
   size_t NewSize                                  = 34603008                                  {product} {ergonomic}
    uintx NonNMethodCodeHeapSize                   = 5832780                                {pd product} {ergonomic}
    uintx NonProfiledCodeHeapSize                  = 122912730                              {pd product} {ergonomic}
   size_t OldSize                                  = 70254592                                  {product} {ergonomic}
    uintx ProfiledCodeHeapSize                     = 122912730                              {pd product} {ergonomic}
    uintx ReservedCodeCacheSize                    = 251658240                              {pd product} {ergonomic}
     bool SegmentedCodeCache                       = true                                      {product} {ergonomic}
   size_t SoftMaxHeapSize                          = 2147483648                             {manageable} {ergonomic}
     bool UseCompressedOops                        = true                           {product lp64_product} {ergonomic}
     bool UseLargePagesIndividualAllocation        = false                                  {pd product} {ergonomic}
     bool UseParallelGC                            = true                                      {product} {command line}

Logging:
Log output configuration:
 #0: stdout all=off uptime,level,tags foldmultilines=false
 #1: stderr all=off uptime,level,tags foldmultilines=false

Release file:
JAVA_VERSION="21.0.10" 
MODULES="java.base java.compiler java.datatransfer java.xml java.prefs java.desktop java.instrument java.logging java.management java.security.sasl java.naming java.rmi java.management.rmi java.net.http java.scripting java.security.jgss java.transaction.xa java.sql java.sql.rowset java.xml.crypto java.se java.smartcardio jdk.accessibility jdk.internal.jvmstat jdk.attach jdk.charsets jdk.internal.opt jdk.zipfs jdk.compiler jdk.crypto.ec jdk.crypto.cryptoki jdk.crypto.mscapi jdk.dynalink jdk.internal.ed jdk.editpad jdk.hotspot.agent jdk.httpserver jdk.internal.le jdk.internal.vm.ci jdk.internal.vm.compiler jdk.internal.vm.compiler.management jdk.jartool jdk.javadoc jdk.jcmd jdk.management jdk.management.agent jdk.jconsole jdk.jdeps jdk.jdwp.agent jdk.jdi jdk.jfr jdk.jshell jdk.jsobject jdk.jstatd jdk.localedata jdk.management.jfr jdk.naming.dns jdk.naming.rmi jdk.net jdk.nio.mapmode jdk.random jdk.sctp jdk.security.auth jdk.security.jgss jdk.unsupported jdk.unsupported.desktop jdk.xml.dom" 

Environment Variables:
PATH=C:\Program Files\OpenSSH-Win64;C:\Program Files\Common Files\Oracle\Java\javapath;C:\Program Files (x86)\Common Files\Oracle\Java\java8path;C:\Program Files (x86)\Common Files\Oracle\Java\javapath;C:\Program Files\Python312\Scripts\;C:\Program Files\Python312\;C:\Windows\system32;C:\Windows;C:\Windows\System32\Wbem;C:\Windows\System32\WindowsPowerShell\v1.0\;C:\Windows\System32\OpenSSH\;C:\Program Files\dotnet\;C:\Program Files\PuTTY\;C:\ProgramData\UNIVALI\Portugol Studio;C:\Program Files\nodejs\;C:\Program Files\Git\cmd;C:\Program Files\Microsoft VS Code\bin;C:\xampp\php;C:\ProgramData\ComposerSetup\bin;C:\WINDOWS\system32;C:\WINDOWS;C:\WINDOWS\System32\Wbem;C:\WINDOWS\System32\WindowsPowerShell\v1.0\;C:\WINDOWS\System32\OpenSSH\;C:\flutter\bin;C:\Program Files\MongoDB\mongosh-2.4.2-win32-x64\mongosh-2.4.2-win32-x64\bin;C:\Program Files\Microsoft SQL Server\150\Tools\Binn\;C:\Program Files\Microsoft SQL Server\Client SDK\ODBC\170\Tools\Binn\;C:\Program Files\GitHub CLI\;C:\Program Files\Docker\Docker\resources\bin;C:\Program Files\cursor\resources\app\bin;C:\Users\aluno.den\AppData\Roaming\npm;C:\Programas - BINS\MinGW\bin;C:\Program Files\MongoDB\Server\8.0\bin;C:\Users\aluno.den\AppData\Local\Microsoft\WindowsApps;C:\Users\aluno.den\AppData\Local\GitHubDesktop\bin;C:\Users\aluno.den\AppData\Roaming\Python\Python312\Scripts;
USERNAME=aluno.den
OS=Windows_NT
PROCESSOR_IDENTIFIER=Intel64 Family 6 Model 158 Stepping 10, GenuineIntel
TMP=C:\Users\aluno.den\AppData\Local\Temp
TEMP=C:\Users\aluno.den\AppData\Local\Temp




Periodic native trim disabled

---------------  S Y S T E M  ---------------

OS:
 Windows 11 , 64 bit Build 26100 (10.0.26100.7920)
OS uptime: 0 days 0:33 hours
Hyper-V role detected

CPU: total 6 (initial active 6) (6 cores per cpu, 1 threads per core) family 6 model 158 stepping 10 microcode 0xde, cx8, cmov, fxsr, mmx, 3dnowpref, sse, sse2, sse3, ssse3, sse4.1, sse4.2, popcnt, lzcnt, tsc, tscinvbit, avx, avx2, aes, erms, clmul, bmi1, bmi2, adx, fma, vzeroupper, clflush, clflushopt, hv, rdtscp, f16c
Processor Information for the first 6 processors :
  Max Mhz: 2808, Current Mhz: 2808, Mhz Limit: 2808

Memory: 4k page, system-wide physical 8062M (647M free)
TotalPageFile size 12860M (AvailPageFile size 1046M)
current process WorkingSet (physical memory assigned to process): 912M, peak: 1162M
current process commit charge ("private bytes"): 1092M, peak: 1099M

vm_info: OpenJDK 64-Bit Server VM (21.0.10+7-LTS) for windows-amd64 JRE (21.0.10+7-LTS), built on 2026-01-20T00:00:00Z by "admin" with MS VC++ 17.12 (VS2022)

END.
